
Discarded input sections

 .note.GNU-stack
                0x0000000000000000        0x0 /usr/lib/gcc/i486-linux-gnu/4.4.3/../../../../lib/crti.o
 .gnu_debuglink
                0x0000000000000000        0xc /usr/lib/gcc/i486-linux-gnu/4.4.3/../../../../lib/crti.o
 .group         0x0000000000000000        0x8 /usr/lib/gcc/i486-linux-gnu/4.4.3/crtbeginS.o
 .note.GNU-stack
                0x0000000000000000        0x0 /usr/lib/gcc/i486-linux-gnu/4.4.3/crtbeginS.o
 .group         0x0000000000000000        0x8 build-host-debug/obj/arabic_roman.os
 .group         0x0000000000000000        0x8 build-host-debug/obj/arabic_roman.os
 .group         0x0000000000000000        0x8 build-host-debug/obj/arabic_roman.os
 .group         0x0000000000000000        0x8 build-host-debug/obj/arabic_roman.os
 .group         0x0000000000000000        0x8 build-host-debug/obj/arabic_roman.os
 .group         0x0000000000000000        0x8 build-host-debug/obj/arabic_roman.os
 .text.__i686.get_pc_thunk.bx
                0x0000000000000000        0x4 build-host-debug/obj/arabic_roman.os
 .note.GNU-stack
                0x0000000000000000        0x0 build-host-debug/obj/arabic_roman.os
 .group         0x0000000000000000        0x8 build-host-debug/obj/arabic_roman_version.os
 .group         0x0000000000000000        0x8 build-host-debug/obj/arabic_roman_version.os
 .text.__i686.get_pc_thunk.bx
                0x0000000000000000        0x4 build-host-debug/obj/arabic_roman_version.os
 .note.GNU-stack
                0x0000000000000000        0x0 build-host-debug/obj/arabic_roman_version.os
 .group         0x0000000000000000        0x8 /usr/lib/gcc/i486-linux-gnu/4.4.3/crtendS.o
 .text.__i686.get_pc_thunk.bx
                0x0000000000000000        0x4 /usr/lib/gcc/i486-linux-gnu/4.4.3/crtendS.o
 .note.GNU-stack
                0x0000000000000000        0x0 /usr/lib/gcc/i486-linux-gnu/4.4.3/crtendS.o
 .note.GNU-stack
                0x0000000000000000        0x0 /usr/lib/gcc/i486-linux-gnu/4.4.3/../../../../lib/crtn.o
 .gnu_debuglink
                0x0000000000000000        0xc /usr/lib/gcc/i486-linux-gnu/4.4.3/../../../../lib/crtn.o

Memory Configuration

Name             Origin             Length             Attributes
*default*        0x0000000000000000 0xffffffffffffffff

Linker script and memory map

LOAD /usr/lib/gcc/i486-linux-gnu/4.4.3/../../../../lib/crti.o
LOAD /usr/lib/gcc/i486-linux-gnu/4.4.3/crtbeginS.o
LOAD build-host-debug/obj/arabic_roman.os
LOAD build-host-debug/obj/arabic_roman_version.os
LOAD /usr/lib/gcc/i486-linux-gnu/4.4.3/../../../../lib/libmversion.so
LOAD /usr/lib/gcc/i486-linux-gnu/4.4.3/../../../../lib/libappbase.so
LOAD /usr/lib/gcc/i486-linux-gnu/4.4.3/../../../../lib/librt.so
LOAD /usr/lib/gcc/i486-linux-gnu/4.4.3/libstdc++.so
LOAD /usr/lib/gcc/i486-linux-gnu/4.4.3/../../../../lib/libm.so
LOAD /usr/lib/gcc/i486-linux-gnu/4.4.3/libgcc_s.so
LOAD /usr/lib/gcc/i486-linux-gnu/4.4.3/../../../../lib/libc.so
START GROUP
LOAD /lib/libc.so.6
LOAD /usr/lib/libc_nonshared.a
LOAD /lib/ld-linux.so.2
END GROUP
LOAD /usr/lib/gcc/i486-linux-gnu/4.4.3/libgcc_s.so
LOAD /usr/lib/gcc/i486-linux-gnu/4.4.3/crtendS.o
LOAD /usr/lib/gcc/i486-linux-gnu/4.4.3/../../../../lib/crtn.o
                0x0000000000000114                . = (0x0 + SIZEOF_HEADERS)

.note.gnu.build-id
                0x0000000000000114       0x24
 *(.note.gnu.build-id)
 .note.gnu.build-id
                0x0000000000000114       0x24 /usr/lib/gcc/i486-linux-gnu/4.4.3/../../../../lib/crti.o

.hash           0x0000000000000138      0x174
 *(.hash)
 .hash          0x0000000000000138      0x174 /usr/lib/gcc/i486-linux-gnu/4.4.3/../../../../lib/crti.o

.gnu.hash       0x00000000000002ac       0xd8
 *(.gnu.hash)
 .gnu.hash      0x00000000000002ac       0xd8 /usr/lib/gcc/i486-linux-gnu/4.4.3/../../../../lib/crti.o

.dynsym         0x0000000000000384      0x360
 *(.dynsym)
 .dynsym        0x0000000000000384      0x360 /usr/lib/gcc/i486-linux-gnu/4.4.3/../../../../lib/crti.o

.dynstr         0x00000000000006e4      0x4b3
 *(.dynstr)
 .dynstr        0x00000000000006e4      0x4b3 /usr/lib/gcc/i486-linux-gnu/4.4.3/../../../../lib/crti.o

.gnu.version    0x0000000000000b98       0x6c
 *(.gnu.version)
 .gnu.version   0x0000000000000b98       0x6c /usr/lib/gcc/i486-linux-gnu/4.4.3/../../../../lib/crti.o

.gnu.version_d  0x0000000000000c04        0x0
 *(.gnu.version_d)
 .gnu.version_d
                0x0000000000000000        0x0 /usr/lib/gcc/i486-linux-gnu/4.4.3/../../../../lib/crti.o

.gnu.version_r  0x0000000000000c04       0x70
 *(.gnu.version_r)
 .gnu.version_r
                0x0000000000000c04       0x70 /usr/lib/gcc/i486-linux-gnu/4.4.3/../../../../lib/crti.o

.rel.dyn        0x0000000000000c74      0x1f8
 *(.rel.init)
 *(.rel.text .rel.text.* .rel.gnu.linkonce.t.*)
 .rel.text      0x0000000000000000        0x0 /usr/lib/gcc/i486-linux-gnu/4.4.3/../../../../lib/crti.o
 *(.rel.fini)
 *(.rel.rodata .rel.rodata.* .rel.gnu.linkonce.r.*)
 *(.rel.data.rel.ro* .rel.gnu.linkonce.d.rel.ro.*)
 .rel.data.rel.ro._ZTV12arabic_roman
                0x0000000000000c74       0x48 /usr/lib/gcc/i486-linux-gnu/4.4.3/../../../../lib/crti.o
 .rel.data.rel.ro._ZTI12arabic_roman
                0x0000000000000cbc       0x18 /usr/lib/gcc/i486-linux-gnu/4.4.3/../../../../lib/crti.o
 .rel.data.rel.ro.local
                0x0000000000000cd4        0x8 /usr/lib/gcc/i486-linux-gnu/4.4.3/../../../../lib/crti.o
 *(.rel.data .rel.data.* .rel.gnu.linkonce.d.*)
 .rel.data.rel  0x0000000000000cdc        0x8 /usr/lib/gcc/i486-linux-gnu/4.4.3/../../../../lib/crti.o
 .rel.data.rel.local
                0x0000000000000ce4      0x128 /usr/lib/gcc/i486-linux-gnu/4.4.3/../../../../lib/crti.o
 .rel.data.DW.ref.__gxx_personality_v0
                0x0000000000000e0c        0x8 /usr/lib/gcc/i486-linux-gnu/4.4.3/../../../../lib/crti.o
 *(.rel.tdata .rel.tdata.* .rel.gnu.linkonce.td.*)
 *(.rel.tbss .rel.tbss.* .rel.gnu.linkonce.tb.*)
 *(.rel.ctors)
 .rel.ctors     0x0000000000000e14       0x10 /usr/lib/gcc/i486-linux-gnu/4.4.3/../../../../lib/crti.o
 *(.rel.dtors)
 .rel.dtors     0x0000000000000e24        0x8 /usr/lib/gcc/i486-linux-gnu/4.4.3/../../../../lib/crti.o
 *(.rel.got)
 .rel.got       0x0000000000000e2c       0x40 /usr/lib/gcc/i486-linux-gnu/4.4.3/../../../../lib/crti.o
 *(.rel.bss .rel.bss.* .rel.gnu.linkonce.b.*)
 *(.rel.ifunc)
 .rel.ifunc     0x0000000000000000        0x0 /usr/lib/gcc/i486-linux-gnu/4.4.3/../../../../lib/crti.o
 .rel.eh_frame  0x0000000000000000        0x0 /usr/lib/gcc/i486-linux-gnu/4.4.3/../../../../lib/crti.o

.rel.plt        0x0000000000000e6c       0xa8
 *(.rel.plt)
 .rel.plt       0x0000000000000e6c       0xa8 /usr/lib/gcc/i486-linux-gnu/4.4.3/../../../../lib/crti.o
 *(.rel.iplt)

.init           0x0000000000000f14       0x30
 *(.init)
 .init          0x0000000000000f14       0x22 /usr/lib/gcc/i486-linux-gnu/4.4.3/../../../../lib/crti.o
                0x0000000000000f14                _init
 .init          0x0000000000000f36        0x5 /usr/lib/gcc/i486-linux-gnu/4.4.3/crtbeginS.o
 .init          0x0000000000000f3b        0x5 /usr/lib/gcc/i486-linux-gnu/4.4.3/crtendS.o
 .init          0x0000000000000f40        0x4 /usr/lib/gcc/i486-linux-gnu/4.4.3/../../../../lib/crtn.o

.plt            0x0000000000000f44      0x160
 *(.plt)
 .plt           0x0000000000000f44      0x160 /usr/lib/gcc/i486-linux-gnu/4.4.3/../../../../lib/crti.o
 *(.iplt)

.text           0x00000000000010b0      0x738
 *(.text.unlikely .text.*_unlikely)
 *(.text .stub .text.* .gnu.linkonce.t.*)
 .text          0x00000000000010b0        0x0 /usr/lib/gcc/i486-linux-gnu/4.4.3/../../../../lib/crti.o
 .text          0x00000000000010b0       0xb7 /usr/lib/gcc/i486-linux-gnu/4.4.3/crtbeginS.o
 .text.__i686.get_pc_thunk.bx
                0x0000000000001167        0x4 /usr/lib/gcc/i486-linux-gnu/4.4.3/crtbeginS.o
                0x0000000000001167                __i686.get_pc_thunk.bx
 *fill*         0x000000000000116b        0x1 90909090
 .text          0x000000000000116c      0x5ba build-host-debug/obj/arabic_roman.os
                0x000000000000116c                _ZN12arabic_romanC2ESs
                0x000000000000120a                _ZN12arabic_romanC1ESs
                0x00000000000012a8                _ZN12arabic_romanD2Ev
                0x000000000000131c                _ZN12arabic_romanD1Ev
                0x0000000000001390                _ZN12arabic_romanD0Ev
                0x0000000000001404                _ZN12arabic_roman10initializeEiPPc
                0x000000000000145e                _ZN12arabic_roman12deinitializeEv
                0x00000000000014b2                _ZN12arabic_roman7timeoutEv
                0x0000000000001506                _ZN12arabic_roman8onTmDeadEjPKc
                0x0000000000001560                _ZN12arabic_roman9onTmAliveEjPKc
                0x00000000000015b9                main
 .text._ZN11MarelCppApp11reconfigureEv
                0x0000000000001726        0x5 build-host-debug/obj/arabic_roman.os
                0x0000000000001726                _ZN11MarelCppApp11reconfigureEv
 *fill*         0x000000000000172b        0x1 90909090
 .text          0x000000000000172c       0x78 build-host-debug/obj/arabic_roman_version.os
                0x0000000000001778                arabic_roman_svnversion
                0x000000000000178e                arabic_roman_longsvnversion
 .text.__i686.get_pc_thunk.cx
                0x00000000000017a4        0x4 build-host-debug/obj/arabic_roman_version.os
                0x00000000000017a4                __i686.get_pc_thunk.cx
 *fill*         0x00000000000017a8        0x8 90909090
 .text          0x00000000000017b0       0x38 /usr/lib/gcc/i486-linux-gnu/4.4.3/crtendS.o
 .text          0x00000000000017e8        0x0 /usr/lib/gcc/i486-linux-gnu/4.4.3/../../../../lib/crtn.o
 *(.gnu.warning)

.fini           0x00000000000017e8       0x1c
 *(.fini)
 .fini          0x00000000000017e8       0x13 /usr/lib/gcc/i486-linux-gnu/4.4.3/../../../../lib/crti.o
                0x00000000000017e8                _fini
 .fini          0x00000000000017fb        0x5 /usr/lib/gcc/i486-linux-gnu/4.4.3/crtbeginS.o
 .fini          0x0000000000001800        0x4 /usr/lib/gcc/i486-linux-gnu/4.4.3/../../../../lib/crtn.o
                0x0000000000001804                PROVIDE (__etext, .)
                0x0000000000001804                PROVIDE (_etext, .)
                0x0000000000001804                PROVIDE (etext, .)

.rodata         0x0000000000001820      0x340
 *(.rodata .rodata.* .gnu.linkonce.r.*)
 .rodata        0x0000000000001820      0x1fa build-host-debug/obj/arabic_roman.os
 .rodata._ZTS12arabic_roman
                0x0000000000001a1a        0xf build-host-debug/obj/arabic_roman.os
                0x0000000000001a1a                _ZTS12arabic_roman
 *fill*         0x0000000000001a29        0x3 00
 .rodata        0x0000000000001a2c      0x134 build-host-debug/obj/arabic_roman_version.os

.rodata1
 *(.rodata1)

.eh_frame_hdr   0x0000000000001b60       0x7c
 *(.eh_frame_hdr)
 .eh_frame_hdr  0x0000000000001b60       0x7c build-host-debug/obj/arabic_roman.os

.eh_frame       0x0000000000001bdc      0x210
 *(.eh_frame)
 .eh_frame      0x0000000000001bdc      0x20c build-host-debug/obj/arabic_roman.os
 .eh_frame      0x0000000000001de8        0x4 /usr/lib/gcc/i486-linux-gnu/4.4.3/crtendS.o

.gcc_except_table
                0x0000000000001dec       0x88
 *(.gcc_except_table .gcc_except_table.*)
 .gcc_except_table
                0x0000000000001dec       0x88 build-host-debug/obj/arabic_roman.os
                0x0000000000001e74                . = (ALIGN (0x1000) - ((0x1000 - .) & 0xfff))
                0x0000000000002e54                . = (0x1000 DATA_SEGMENT_ALIGN 0x1000)

.eh_frame
 *(.eh_frame)

.gcc_except_table
 *(.gcc_except_table .gcc_except_table.*)

.tdata
 *(.tdata .tdata.* .gnu.linkonce.td.*)

.tbss
 *(.tbss .tbss.* .gnu.linkonce.tb.*)
 *(.tcommon)

.preinit_array
 *(.preinit_array)

.init_array
 *(SORT(.init_array.*))
 *(.init_array)

.fini_array
 *(.fini_array)
 *(SORT(.fini_array.*))

.ctors          0x0000000000002e54       0x10
 *crtbegin.o(.ctors)
 *crtbegin?.o(.ctors)
 .ctors         0x0000000000002e54        0x4 /usr/lib/gcc/i486-linux-gnu/4.4.3/crtbeginS.o
 *(EXCLUDE_FILE(*crtend?.o *crtend.o) .ctors)
 .ctors         0x0000000000002e58        0x4 build-host-debug/obj/arabic_roman.os
 .ctors         0x0000000000002e5c        0x4 build-host-debug/obj/arabic_roman_version.os
 *(SORT(.ctors.*))
 *(.ctors)
 .ctors         0x0000000000002e60        0x4 /usr/lib/gcc/i486-linux-gnu/4.4.3/crtendS.o

.dtors          0x0000000000002e64        0xc
 *crtbegin.o(.dtors)
 *crtbegin?.o(.dtors)
 .dtors         0x0000000000002e64        0x4 /usr/lib/gcc/i486-linux-gnu/4.4.3/crtbeginS.o
 *(EXCLUDE_FILE(*crtend?.o *crtend.o) .dtors)
 .dtors         0x0000000000002e68        0x4 build-host-debug/obj/arabic_roman_version.os
 *(SORT(.dtors.*))
 *(.dtors)
 .dtors         0x0000000000002e6c        0x4 /usr/lib/gcc/i486-linux-gnu/4.4.3/crtendS.o
                0x0000000000002e6c                __DTOR_END__

.jcr            0x0000000000002e70        0x4
 *(.jcr)
 .jcr           0x0000000000002e70        0x0 /usr/lib/gcc/i486-linux-gnu/4.4.3/crtbeginS.o
 .jcr           0x0000000000002e70        0x4 /usr/lib/gcc/i486-linux-gnu/4.4.3/crtendS.o

.data.rel.ro    0x0000000000002e80       0x54
 *(.data.rel.ro.local* .gnu.linkonce.d.rel.ro.local.*)
 .data.rel.ro.local
                0x0000000000002e80        0x4 build-host-debug/obj/arabic_roman.os
 *(.data.rel.ro* .gnu.linkonce.d.rel.ro.*)
 *fill*         0x0000000000002e84       0x1c 00
 .data.rel.ro._ZTV12arabic_roman
                0x0000000000002ea0       0x28 build-host-debug/obj/arabic_roman.os
                0x0000000000002ea0                _ZTV12arabic_roman
 .data.rel.ro._ZTI12arabic_roman
                0x0000000000002ec8        0xc build-host-debug/obj/arabic_roman.os
                0x0000000000002ec8                _ZTI12arabic_roman

.dynamic        0x0000000000002ed4      0x100
 *(.dynamic)
 .dynamic       0x0000000000002ed4      0x100 /usr/lib/gcc/i486-linux-gnu/4.4.3/../../../../lib/crti.o
                0x0000000000002ed4                _DYNAMIC

.got            0x0000000000002fd4       0x20
 *(.got)
 .got           0x0000000000002fd4       0x20 /usr/lib/gcc/i486-linux-gnu/4.4.3/../../../../lib/crti.o
 *(.igot)
                0x0000000000002ff4                . = (. DATA_SEGMENT_RELRO_END 0xc)

.got.plt        0x0000000000002ff4       0x60
 *(.got.plt)
 .got.plt       0x0000000000002ff4       0x60 /usr/lib/gcc/i486-linux-gnu/4.4.3/../../../../lib/crti.o
                0x0000000000002ff4                _GLOBAL_OFFSET_TABLE_
 *(.igot.plt)

.data           0x0000000000003060      0x144
 *(.data .data.* .gnu.linkonce.d.*)
 .data          0x0000000000003060        0x0 /usr/lib/gcc/i486-linux-gnu/4.4.3/../../../../lib/crti.o
 .data          0x0000000000003060        0x0 /usr/lib/gcc/i486-linux-gnu/4.4.3/crtbeginS.o
 .data.rel      0x0000000000003060        0x4 /usr/lib/gcc/i486-linux-gnu/4.4.3/crtbeginS.o
                0x0000000000003060                __dso_handle
 .data          0x0000000000003064        0x0 build-host-debug/obj/arabic_roman.os
 *fill*         0x0000000000003064       0x1c 00
 .data.rel.local
                0x0000000000003080       0xc4 build-host-debug/obj/arabic_roman.os
                0x00000000000030a0                onesArray
                0x00000000000030e0                tensArray
                0x0000000000003120                hundredsArray
 .data.DW.ref.__gxx_personality_v0
                0x0000000000003144        0x4 build-host-debug/obj/arabic_roman.os
                0x0000000000003144                DW.ref.__gxx_personality_v0
 .data          0x0000000000003148        0x0 build-host-debug/obj/arabic_roman_version.os
 *fill*         0x0000000000003148       0x18 00
 .data.rel.local
                0x0000000000003160       0x44 build-host-debug/obj/arabic_roman_version.os
 .data          0x00000000000031a4        0x0 /usr/lib/gcc/i486-linux-gnu/4.4.3/crtendS.o
 .data          0x00000000000031a4        0x0 /usr/lib/gcc/i486-linux-gnu/4.4.3/../../../../lib/crtn.o

.data1
 *(.data1)
                0x00000000000031a4                _edata = .
                0x00000000000031a4                PROVIDE (edata, .)
                0x00000000000031a4                __bss_start = .

.bss            0x00000000000031a4        0xc
 *(.dynbss)
 .dynbss        0x0000000000000000        0x0 /usr/lib/gcc/i486-linux-gnu/4.4.3/../../../../lib/crti.o
 *(.bss .bss.* .gnu.linkonce.b.*)
 .bss           0x00000000000031a4        0x0 /usr/lib/gcc/i486-linux-gnu/4.4.3/../../../../lib/crti.o
 .bss           0x00000000000031a4        0x8 /usr/lib/gcc/i486-linux-gnu/4.4.3/crtbeginS.o
 .bss           0x00000000000031ac        0x1 build-host-debug/obj/arabic_roman.os
 *fill*         0x00000000000031ad        0x3 00
 .bss           0x00000000000031b0        0x0 build-host-debug/obj/arabic_roman_version.os
 .bss           0x00000000000031b0        0x0 /usr/lib/gcc/i486-linux-gnu/4.4.3/crtendS.o
 .bss           0x00000000000031b0        0x0 /usr/lib/gcc/i486-linux-gnu/4.4.3/../../../../lib/crtn.o
 *(COMMON)
                0x00000000000031b0                . = ALIGN ((. != 0x0)?0x4:0x1)
                0x00000000000031b0                . = ALIGN (0x4)
                0x00000000000031b0                . = ALIGN (0x4)
                0x00000000000031b0                _end = .
                0x00000000000031b0                PROVIDE (end, .)
                0x00000000000031b0                . = DATA_SEGMENT_END (.)

.stab
 *(.stab)

.stabstr
 *(.stabstr)

.stab.excl
 *(.stab.excl)

.stab.exclstr
 *(.stab.exclstr)

.stab.index
 *(.stab.index)

.stab.indexstr
 *(.stab.indexstr)

.comment        0x0000000000000000       0x23
 *(.comment)
 .comment       0x0000000000000000       0x23 /usr/lib/gcc/i486-linux-gnu/4.4.3/crtbeginS.o
                                         0x24 (size before relaxing)
 .comment       0x0000000000000000       0x24 build-host-debug/obj/arabic_roman.os
 .comment       0x0000000000000000       0x24 build-host-debug/obj/arabic_roman_version.os
 .comment       0x0000000000000000       0x24 /usr/lib/gcc/i486-linux-gnu/4.4.3/crtendS.o

.debug
 *(.debug)

.line
 *(.line)

.debug_srcinfo
 *(.debug_srcinfo)

.debug_sfnames
 *(.debug_sfnames)

.debug_aranges  0x0000000000000000       0x48
 *(.debug_aranges)
 .debug_aranges
                0x0000000000000000       0x28 build-host-debug/obj/arabic_roman.os
 .debug_aranges
                0x0000000000000028       0x20 build-host-debug/obj/arabic_roman_version.os

.debug_pubnames
                0x0000000000000000      0x1df
 *(.debug_pubnames)
 .debug_pubnames
                0x0000000000000000      0x191 build-host-debug/obj/arabic_roman.os
 .debug_pubnames
                0x0000000000000191       0x4e build-host-debug/obj/arabic_roman_version.os

.debug_info     0x0000000000000000     0x3e4d
 *(.debug_info .gnu.linkonce.wi.*)
 .debug_info    0x0000000000000000     0x3c58 build-host-debug/obj/arabic_roman.os
 .debug_info    0x0000000000003c58      0x1f5 build-host-debug/obj/arabic_roman_version.os

.debug_abbrev   0x0000000000000000      0x767
 *(.debug_abbrev)
 .debug_abbrev  0x0000000000000000      0x6b1 build-host-debug/obj/arabic_roman.os
 .debug_abbrev  0x00000000000006b1       0xb6 build-host-debug/obj/arabic_roman_version.os

.debug_line     0x0000000000000000      0x429
 *(.debug_line)
 .debug_line    0x0000000000000000      0x3ab build-host-debug/obj/arabic_roman.os
 .debug_line    0x00000000000003ab       0x7e build-host-debug/obj/arabic_roman_version.os

.debug_frame    0x0000000000000000       0x7c
 *(.debug_frame)
 .debug_frame   0x0000000000000000       0x7c build-host-debug/obj/arabic_roman_version.os

.debug_str      0x0000000000000000     0x2ef4
 *(.debug_str)
 .debug_str     0x0000000000000000     0x2dd7 build-host-debug/obj/arabic_roman.os
                                       0x30df (size before relaxing)
 .debug_str     0x0000000000002dd7      0x11d build-host-debug/obj/arabic_roman_version.os
                                        0x1e3 (size before relaxing)

.debug_loc      0x0000000000000000      0x318
 *(.debug_loc)
 .debug_loc     0x0000000000000000      0x268 build-host-debug/obj/arabic_roman.os
 .debug_loc     0x0000000000000268       0xb0 build-host-debug/obj/arabic_roman_version.os

.debug_macinfo
 *(.debug_macinfo)

.debug_weaknames
 *(.debug_weaknames)

.debug_funcnames
 *(.debug_funcnames)

.debug_typenames
 *(.debug_typenames)

.debug_varnames
 *(.debug_varnames)

.debug_pubtypes
 *(.debug_pubtypes)

.debug_ranges   0x0000000000000000       0x80
 *(.debug_ranges)
 .debug_ranges  0x0000000000000000       0x80 build-host-debug/obj/arabic_roman.os

.gnu.attributes
 *(.gnu.attributes)

/DISCARD/
 *(.note.GNU-stack)
 *(.gnu_debuglink)
 *(.gnu.lto_*)
OUTPUT(build-host-debug/lib/libarabic_roman.so elf32-i386)
